<html>
<body>
<pre>
<h1>µVision Build Log</h1>
<h2>Tool Versions:</h2>
IDE-Version: ¦ÌVision V5.31.0.0
Copyright (C) 2020 ARM Ltd and ARM Germany GmbH. All rights reserved.
License Information: 52 l983669077@qq.com, 52, LIC=AK1BF-6XSEG-4ADDE-5UD0R-NH0E3-KZ8MJ
 
Tool Versions:
Toolchain:       MDK-ARM Professional  Version: 5.31.0.0
Toolchain Path:  D:\Keil_v5\ARM\ARMCC\Bin
C Compiler:      Armcc.exe V5.06 update 6 (build 750)
Assembler:       Armasm.exe V5.06 update 6 (build 750)
Linker/Locator:  ArmLink.exe V5.06 update 6 (build 750)
Library Manager: ArmAr.exe V5.06 update 6 (build 750)
Hex Converter:   FromElf.exe V5.06 update 6 (build 750)
CPU DLL:         SARMCM3.DLL V5.31.0.0
Dialog DLL:      DARMSTM.DLL V1.68.0.0
Target DLL:      STLink\ST-LINKIII-KEIL_SWO.dll V3.0.7.0
Dialog DLL:      TARMSTM.DLL V1.66.0.0
 
<h2>Project:</h2>
C:\Users\l9836\Desktop\IIC_ReadAndWrite\USER\IIC.uvprojx
Project File Date:  10/24/2022

<h2>Output:</h2>
*** Using Compiler 'V5.06 update 6 (build 750)', folder: 'D:\Keil_v5\ARM\ARMCC\Bin'
Build target 'IIC'
compiling haptic_nv_params.c...
linking...
Program Size: Code=19520 RO-data=1536 RW-data=724 ZI-data=1900  
FromELF: creating hex file...
"..\OBJ\IIC.axf" - 0 Error(s), 0 Warning(s).

<h2>Software Packages used:</h2>

Package Vendor: Keil
                
                Keil.STM32F1xx_DFP.10.0.4
                STMicroelectronics STM32F1 Series Device Support, Drivers For Transplant To AT32F4 Series.

<h2>Collection of Component include folders:</h2>
  D:\Users\l9836\AppData\Local\Arm\Packs\Keil\STM32F1xx_DFP\10.0.4\Device\Include

<h2>Collection of Component Files used:</h2>
Build Time Elapsed:  00:00:02
</pre>
</body>
</html>
